../Core/Src/main.c:7:6:SysTick_Handler	4	static
../Core/Src/main.c:11:6:system_tick_init	16	static
../Core/Src/main.c:20:6:Custom_delay	16	static
../Core/Src/main.c:27:6:UART1_Init	40	static
../Core/Src/main.c:50:6:DMA_Init	32	static
../Core/Src/main.c:79:6:DMA2_Stream2_IRQHandler	16	static
../Core/Src/main.c:86:6:UART1_Send	24	static
../Core/Src/main.c:97:6:UART1_Log	24	static
../Core/Src/main.c:106:44:Erase	32	static
../Core/Src/main.c:134:45:Program	40	static
../Core/Src/main.c:158:45:reset_system	16	static
../Core/Src/main.c:164:45:update_firmware	8	static
../Core/Src/main.c:170:5:main	8	static
