../Core/Src/main.c:62:6:SysTick_Handler	4	static
../Core/Src/main.c:66:6:system_tick_init	16	static
../Core/Src/main.c:75:6:Custom_delay	16	static
../Core/Src/main.c:81:6:TIM4_PWM_Init	48	static
../Core/Src/main.c:110:6:Modify_PWM	24	static
../Core/Src/main.c:116:6:TIM5_CAPTURE_Init	48	static
../Core/Src/main.c:155:5:Get_freq	16	static
../Core/Src/main.c:160:5:Get_pulse_width	16	static
../Core/Src/main.c:173:5:main	8	static
../Core/Src/main.c:223:6:SystemClock_Config	88	static
../Core/Src/main.c:265:13:MX_GPIO_Init	16	static
../Core/Src/main.c:285:6:Error_Handler	4	static,ignoring_inline_asm
