../Core/Src/main.c:96:6:Leds_init	24	static
../Core/Src/main.c:126:6:Leds_ctrl	24	static
../Core/Src/main.c:138:6:UART1_init	40	static
../Core/Src/main.c:158:6:UART1_Send	24	static
../Core/Src/main.c:167:6:UART1_Log	152	static
../Core/Src/main.c:181:6:adc_init	32	static
../Core/Src/main.c:201:7:adc_measure	24	static
../Core/Src/main.c:213:7:temp_measure	24	static
../Core/Src/main.c:227:5:main	8	static
../Core/Src/main.c:319:6:SystemClock_Config	88	static
../Core/Src/main.c:361:13:MX_GPIO_Init	16	static
../Core/Src/main.c:384:6:func1	16	static
../Core/Src/main.c:405:6:func2	16	static
../Core/Src/main.c:426:6:func3	32	static
../Core/Src/main.c:457:6:func4	24	static
../Core/Src/main.c:474:6:Error_Handler	4	static,ignoring_inline_asm
