22:32:21 **** Incremental Build of configuration Debug for project Update_firmware ****
make -j8 all 
arm-none-eabi-size   Update_firmware.elf 
   text	   data	    bss	    dec	    hex	filename
   1820	      8	   7428	   9256	   2428	Update_firmware.elf
Finished building: default.size.stdout
 
22:32:27 **** Incremental Build of configuration Release for project Update_firmware ****
make -j8 all 
arm-none-eabi-size   Update_firmware.elf 
   text	   data	    bss	    dec	    hex	filename
   1320	      8	   7424	   8752	   2230	Update_firmware.elf
Finished building: default.size.stdout
 
22:33:31 **** Incremental Build of configuration Release for project Update_firmware ****
make -j8 all 
arm-none-eabi-size   Update_firmware.elf 
   text	   data	    bss	    dec	    hex	filename
   1320	      8	   7424	   8752	   2230	Update_firmware.elf
Finished building: default.size.stdout
 
