18:09:32 **** Incremental Build of configuration Debug for project SPI_180723 ****
make -j8 all 
arm-none-eabi-gcc "../Core/Src/main.c" -mcpu=cortex-m4 -std=gnu11 -g3 -DDEBUG -DUSE_HAL_DRIVER -DSTM32F411xE -c -I../Core/Inc -I../Drivers/STM32F4xx_HAL_Driver/Inc -I../Drivers/STM32F4xx_HAL_Driver/Inc/Legacy -I../Drivers/CMSIS/Device/ST/STM32F4xx/Include -I../Drivers/CMSIS/Include -O0 -ffunction-sections -fdata-sections -Wall -fstack-usage -fcyclomatic-complexity -MMD -MP -MF"Core/Src/main.d" -MT"Core/Src/main.o" --specs=nano.specs -mfpu=fpv4-sp-d16 -mfloat-abi=hard -mthumb -o "Core/Src/main.o"
../Core/Src/main.c: In function 'SPI_Write':
../Core/Src/main.c:148:10: warning: 'return' with a value, in function returning void [-Wreturn-type]
  148 |   return temp;
      |          ^~~~
../Core/Src/main.c:125:7: note: declared here
  125 |  void SPI_Write(uint8_t address, uint8_t data)
      |       ^~~~~~~~~
../Core/Src/main.c: In function 'main':
../Core/Src/main.c:181:11: warning: unused variable 'gyro_id' [-Wunused-variable]
  181 |   uint8_t gyro_id = SPI_READ(0x0f);
      |           ^~~~~~~
arm-none-eabi-gcc -o "SPI_180723.elf" @"objects.list"   -mcpu=cortex-m4 -T"E:\EMBEDDED C\BOOTLOADER\SPI_180723\STM32F411VETX_FLASH.ld" --specs=nosys.specs -Wl,-Map="SPI_180723.map" -Wl,--gc-sections -static --specs=nano.specs -mfpu=fpv4-sp-d16 -mfloat-abi=hard -mthumb -Wl,--start-group -lc -lm -Wl,--end-group
Finished building target: SPI_180723.elf
 
arm-none-eabi-size   SPI_180723.elf 
arm-none-eabi-objdump -h -S  SPI_180723.elf  > "SPI_180723.list"
   text	   data	    bss	    dec	    hex	filename
   5336	     20	   1572	   6928	   1b10	SPI_180723.elf
Finished building: default.size.stdout
 
Finished building: SPI_180723.list
 

18:09:32 Build Finished. 0 errors, 2 warnings. (took 530ms)

