10:01:16 **** Incremental Build of configuration Debug for project TIMER_INPUT ****
make -j8 all 
arm-none-eabi-gcc "../Core/Src/main.c" -mcpu=cortex-m4 -std=gnu11 -g3 -DDEBUG -DUSE_HAL_DRIVER -DSTM32F411xE -c -I../Core/Inc -I../Drivers/STM32F4xx_HAL_Driver/Inc -I../Drivers/STM32F4xx_HAL_Driver/Inc/Legacy -I../Drivers/CMSIS/Device/ST/STM32F4xx/Include -I../Drivers/CMSIS/Include -O0 -ffunction-sections -fdata-sections -Wall -fstack-usage -fcyclomatic-complexity -MMD -MP -MF"Core/Src/main.d" -MT"Core/Src/main.o" --specs=nano.specs -mfpu=fpv4-sp-d16 -mfloat-abi=hard -mthumb -o "Core/Src/main.o"
arm-none-eabi-gcc -o "TIMER_INPUT.elf" @"objects.list"   -mcpu=cortex-m4 -T"E:\EMBEDDED C\BOOTLOADER\TIMER_INPUT\STM32F411VETX_FLASH.ld" --specs=nosys.specs -Wl,-Map="TIMER_INPUT.map" -Wl,--gc-sections -static --specs=nano.specs -mfpu=fpv4-sp-d16 -mfloat-abi=hard -mthumb -Wl,--start-group -lc -lm -Wl,--end-group
Finished building target: TIMER_INPUT.elf
 
arm-none-eabi-size   TIMER_INPUT.elf 
arm-none-eabi-objdump -h -S  TIMER_INPUT.elf  > "TIMER_INPUT.list"
   text	   data	    bss	    dec	    hex	filename
   5504	     20	   1580	   7104	   1bc0	TIMER_INPUT.elf
Finished building: default.size.stdout
 
Finished building: TIMER_INPUT.list
 

10:01:17 Build Finished. 0 errors, 0 warnings. (took 777ms)

