00:25:07 **** Incremental Build of configuration Debug for project TIMER_BASIC ****
make -j8 all 
arm-none-eabi-gcc "../Core/Src/main.c" -mcpu=cortex-m4 -std=gnu11 -g3 -DDEBUG -DUSE_HAL_DRIVER -DSTM32F411xE -c -I../Core/Inc -I../Drivers/STM32F4xx_HAL_Driver/Inc -I../Drivers/STM32F4xx_HAL_Driver/Inc/Legacy -I../Drivers/CMSIS/Device/ST/STM32F4xx/Include -I../Drivers/CMSIS/Include -O0 -ffunction-sections -fdata-sections -Wall -fstack-usage -fcyclomatic-complexity -MMD -MP -MF"Core/Src/main.d" -MT"Core/Src/main.o" --specs=nano.specs -mfpu=fpv4-sp-d16 -mfloat-abi=hard -mthumb -o "Core/Src/main.o"
arm-none-eabi-gcc -o "TIMER_BASIC.elf" @"objects.list"   -mcpu=cortex-m4 -T"E:\EMBEDDED C\BOOTLOADER\TIMER_BASIC\STM32F411VETX_FLASH.ld" --specs=nosys.specs -Wl,-Map="TIMER_BASIC.map" -Wl,--gc-sections -static --specs=nano.specs -mfpu=fpv4-sp-d16 -mfloat-abi=hard -mthumb -Wl,--start-group -lc -lm -Wl,--end-group
Finished building target: TIMER_BASIC.elf
 
arm-none-eabi-size   TIMER_BASIC.elf 
arm-none-eabi-objdump -h -S  TIMER_BASIC.elf  > "TIMER_BASIC.list"
   text	   data	    bss	    dec	    hex	filename
   1092	      8	   1576	   2676	    a74	TIMER_BASIC.elf
Finished building: default.size.stdout
 
Finished building: TIMER_BASIC.list
 

00:25:08 Build Finished. 0 errors, 0 warnings. (took 474ms)

